// Jest Snapshot v1, https://goo.gl/fbAQLP

exports[`renders homepage unchanged 1`] = `
<div>
  <div
    class="container"
  >
    <div
      class="App container"
    >
      <h1
        class="container__label"
      >
        Roman Numeral Converter
      </h1>
      <label>
        Enter a number between 1 to 1000:
        <input
          class="container__input"
          maxlength="4"
          type="number"
        />
      </label>
      <div
        class="container__output"
      >
        <h2 />
      </div>
    </div>
  </div>
</div>
`;
